Compiling lib\main.dart for the Web...                          
flutter : Wasm dry run succeeded. Consider building and testing your application with the `--wasm` flag. See docs for 
more info: https://docs.flutter.dev/platform-integration/web/wasm
At line:1 char:1
+ flutter build web --debug > build_errors.txt 2>&1
+ ~~~~~~~~~~~~~~~~~~~~~~~~~~~~~~~~~~~~~~~~~~~~~~~~~
    + CategoryInfo          : NotSpecified: (Wasm dry run su...ration/web/wasm:String) [], RemoteException
    + FullyQualifiedErrorId : NativeCommandError
 
Use --no-wasm-dry-run to disable these warnings.
Target dart2js failed: ProcessException: Process exited abnormally with exit code 1:
lib/features/news/screens/legal_news_screen.dart:27:18:
Error: The getter '_filter' isn't defined for the type '_LegalNewsScreenState'.
 - '_LegalNewsScreenState' is from 'package:legalhelp_kz/features/news/screens/legal_news_screen.dart' 
('lib/features/news/screens/legal_news_screen.dart').
    final news = _filter == 'Ð’ÑÐµ' || _filter == allStr ? MockData.news : MockData.news.where((n) => n.category == 
_filter).toList();
                 ^^^^^^^
lib/features/news/screens/legal_news_screen.dart:27:38:
Error: The getter '_filter' isn't defined for the type '_LegalNewsScreenState'.
 - '_LegalNewsScreenState' is from 'package:legalhelp_kz/features/news/screens/legal_news_screen.dart' 
('lib/features/news/screens/legal_news_screen.dart').
    final news = _filter == 'Ð’ÑÐµ' || _filter == allStr ? MockData.news : MockData.news.where((n) => n.category == 
_filter).toList();
                                     ^^^^^^^
lib/features/news/screens/legal_news_screen.dart:27:115:
Error: The getter '_filter' isn't defined for the type '_LegalNewsScreenState'.
 - '_LegalNewsScreenState' is from 'package:legalhelp_kz/features/news/screens/legal_news_screen.dart' 
('lib/features/news/screens/legal_news_screen.dart').
    final news = _filter == 'Ð’ÑÐµ' || _filter == allStr ? MockData.news : MockData.news.where((n) => n.category == 
_filter).toList();
                                                                                          ^^^^^^^
lib/features/news/screens/legal_news_screen.dart:47:41:
Error: The getter '_filter' isn't defined for the type '_LegalNewsScreenState'.
 - '_LegalNewsScreenState' is from 'package:legalhelp_kz/features/news/screens/legal_news_screen.dart' 
('lib/features/news/screens/legal_news_screen.dart').
                final sel = _cats[i] == _filter;
                                        ^^^^^^^
lib/features/news/screens/legal_news_screen.dart:49:47:
Error: The setter '_filter' isn't defined for the type '_LegalNewsScreenState'.
 - '_LegalNewsScreenState' is from 'package:legalhelp_kz/features/news/screens/legal_news_screen.dart' 
('lib/features/news/screens/legal_news_screen.dart').
                  onTap: () => setState(() => _filter = _cats[i]),
                                              ^^^^^^^
lib/features/news/screens/legal_news_screen.dart:73:30:
Error: The getter '_filter' isn't defined for the type '_LegalNewsScreenState'.
 - '_LegalNewsScreenState' is from 'package:legalhelp_kz/features/news/screens/legal_news_screen.dart' 
('lib/features/news/screens/legal_news_screen.dart').
                final news = _filter == 'Ð’ÑÐµ' || _filter == allStr ? allNews : allNews.where((n) => n.category == 
_filter).toList();
                             ^^^^^^^
lib/features/news/screens/legal_news_screen.dart:73:50:
Error: The getter '_filter' isn't defined for the type '_LegalNewsScreenState'.
 - '_LegalNewsScreenState' is from 'package:legalhelp_kz/features/news/screens/legal_news_screen.dart' 
('lib/features/news/screens/legal_news_screen.dart').
                final news = _filter == 'Ð’ÑÐµ' || _filter == allStr ? allNews : allNews.where((n) => n.category == 
_filter).toList();
                                                 ^^^^^^^
lib/features/news/screens/legal_news_screen.dart:73:115:
Error: The getter '_filter' isn't defined for the type '_LegalNewsScreenState'.
 - '_LegalNewsScreenState' is from 'package:legalhelp_kz/features/news/screens/legal_news_screen.dart' 
('lib/features/news/screens/legal_news_screen.dart').
                final news = _filter == 'Ð’ÑÐµ' || _filter == allStr ? allNews : allNews.where((n) => n.category == 
_filter).toList();
                                                                                          ^^^^^^^
Error: Compilation failed.
  Command: C:\flutter\bin\cache\dart-sdk\bin\dart.exe compile js 
--platform-binaries=C:\flutter\bin\cache\flutter_web_sdk\kernel --invoker=flutter_tool -DFLUTTER_VERSION=3.41.2 
-DFLUTTER_CHANNEL=stable -DFLUTTER_GIT_URL=https://github.com/flutter/flutter.git 
-DFLUTTER_FRAMEWORK_REVISION=90673a4eef -DFLUTTER_ENGINE_REVISION=6c0baaebf7 -DFLUTTER_DART_VERSION=3.11.0 
-DFLUTTER_WEB_USE_SKIA=true -DFLUTTER_WEB_USE_SKWASM=false 
-DFLUTTER_WEB_CANVASKIT_URL=https://www.gstatic.com/flutter-canvaskit/6c0baaebf70e0148f485f27d5616b3d3382da7bf/ 
--native-null-assertions --no-source-maps --enable-asserts -O1 --no-minify -o 
C:\Users\Admin\Desktop\Ailawyer\.dart_tool\flutter_build\9769d978203db36e19c2476325e2fc79\app.dill 
--packages=C:\Users\Admin\Desktop\Ailawyer\.dart_tool\package_config.json --cfe-only 
C:\Users\Admin\Desktop\Ailawyer\.dart_tool\flutter_build\9769d978203db36e19c2476325e2fc79\main.dart
#0      RunResult.throwException (package:flutter_tools/src/base/process.dart:153:5)
#1      _DefaultProcessUtils.run (package:flutter_tools/src/base/process.dart:379:19)
<asynchronous suspension>
#2      Dart2JSTarget.build (package:flutter_tools/src/build_system/targets/web.dart:208:5)
<asynchronous suspension>
#3      _BuildInstance._invokeInternal (package:flutter_tools/src/build_system/build_system.dart:937:9)
<asynchronous suspension>
#4      Future.wait.<anonymous closure> (dart:async/future.dart:546:21)
<asynchronous suspension>
#5      _BuildInstance.invokeTarget (package:flutter_tools/src/build_system/build_system.dart:875:32)
<asynchronous suspension>
#6      Future.wait.<anonymous closure> (dart:async/future.dart:546:21)
<asynchronous suspension>
#7      _BuildInstance.invokeTarget (package:flutter_tools/src/build_system/build_system.dart:875:32)
<asynchronous suspension>
#8      FlutterBuildSystem.build (package:flutter_tools/src/build_system/build_system.dart:684:16)
<asynchronous suspension>
#9      WebBuilder.buildWeb (package:flutter_tools/src/web/compile.dart:107:34)
<asynchronous suspension>
#10     BuildWebCommand.runCommand (package:flutter_tools/src/commands/build_web.dart:300:5)
<asynchronous suspension>
#11     FlutterCommand.run.<anonymous closure> (package:flutter_tools/src/runner/flutter_command.dart:1590:27)
<asynchronous suspension>
#12     AppContext.run.<anonymous closure> (package:flutter_tools/src/base/context.dart:154:19)
<asynchronous suspension>
#13     CommandRunner.runCommand (package:args/command_runner.dart:212:13)
<asynchronous suspension>
#14     FlutterCommandRunner.runCommand.<anonymous closure> 
(package:flutter_tools/src/runner/flutter_command_runner.dart:496:9)
<asynchronous suspension>
#15     AppContext.run.<anonymous closure> (package:flutter_tools/src/base/context.dart:154:19)
<asynchronous suspension>
#16     FlutterCommandRunner.runCommand (package:flutter_tools/src/runner/flutter_command_runner.dart:431:5)
<asynchronous suspension>
#17     FlutterCommandRunner.run.<anonymous closure> 
(package:flutter_tools/src/runner/flutter_command_runner.dart:307:33)
<asynchronous suspension>
#18     run.<anonymous closure>.<anonymous closure> (package:flutter_tools/runner.dart:104:11)
<asynchronous suspension>
#19     AppContext.run.<anonymous closure> (package:flutter_tools/src/base/context.dart:154:19)
<asynchronous suspension>
#20     main (package:flutter_tools/executable.dart:103:3)
<asynchronous suspension>

Compiling lib\main.dart for the Web...                             53.5s
Error: Failed to compile application for the Web.
